 a⃠ 😊︎ 😊️ 🇩🇪 ✊ ✋🏾 0 # 🏴󠁵󠁳󠁣󠁡󠁿 ©

Items:   a             |⃠         |😊︎       |😊️            |               |🇩🇪           |               |✊                |               |✋🏾            | 0 #           |🏴[0xe0075][0xe0073][0xe0063][0xe0061][0xe007f]| ©            
Font:   DejaVu Serif 12|FreeSerif 12|DejaVu Sans 12|Noto Color Emoji 12|DejaVu Serif 12|Noto Color Emoji 12|DejaVu Serif 12|Noto Color Emoji 12|DejaVu Serif 12|Noto Color Emoji 12|DejaVu Serif 12|Noto Color Emoji 12                              |DejaVu Serif 12
Script: latin          |latin       |latin         |latin              |latin          |latin              |latin          |latin              |latin          |latin              |latin          |latin                                            |latin          
Lang:   en-us          |en-us       |en-us         |en-us              |en-us          |en-us              |en-us          |en-us              |en-us          |en-us              |en-us          |en-us                                            |en-us          
Bidi:   0              |0           |0             |0                  |0              |0                  |0              |0                  |0              |0                  |0              |0                                                |0              
Attrs:                 |            |              |                   |               |                   |               |                   |               |                   |               |                                                 |               
