Hello שלום Γειά σας

Items:  Hello          |שלום    |            |Γειά σας
Font:   DejaVu Serif 12|FreeSerif 12|FreeSerif 12|DejaVu Serif 12
Script: latin          |hebrew      |hebrew      |greek          
Lang:   en-us          |he          |he          |el             
Bidi:   0              |1           |0           |0              
Attrs:                 |            |            |               
